Pipelines as Code:
 Version: testing
 Install Namespace: pipelines-as-code

No repos CR installed on Cluster
