Pipelines as Code:
 Install Version: testing
 Install Namespace: pipelines-as-code

Repositories CR: 2
   Namespace   URL
 - ns1         https://anurl.com
 - ns2         https://somewhere.com
