cannot match the event to any pipelineruns in the .tekton/ directory, payload target event is pull_request with source branch feature and target branch main. available annotations of the PipelineRuns annotations in .tekton/ dir: [PipelineRun: test-pipeline, annotations: on-event: pull_request]