## ðŸ¤– AI Analysis - make the failure a beautiful success

## Analysis from OpenAI Provider
This is a test response from the OpenAI provider.

---
*Generated by Pipelines-as-Code LLM Analysis*