<h4>Failure snippet:</h4>
task <b>task</b> has the status <b>"Failed"</b>:
<pre>3
4
5
6
Hey man i just wanna to say i am not such a failure, i am useful in my failure</pre>