The comment is:
/hello-world\n\n
The event is on-comment
The custom1 value is foo
The custom2 value is bar
The custom3 value is moto
