There was an issue validating the commit: "error while parsing the yaml file bad-yaml.yaml: line 3: could not find expected ':'"