{{ event_type_match }}
{{ secret value }}
I come from the local params
{{ no_match }}
{{ filter_on_body }}
{{ secret_nothere }}
