  NAME     SHA     STARTED           DURATION    STATUS 
â€¢ repo1    abcd2   -35 minutes ago   ---         Running
