  NAME     SHA   STARTED                DURATION    STATUS 
â€¢ repo2    SHA   1984-04-03T23:44:00Z   1 minute    Success
