  NAME     SHA     STARTED          DURATION    STATUS 
â€¢ repo1    abcd2   16 minutes ago   1 minute    Success
