  NAME     SHA   STARTED          DURATION    STATUS 
â€¢ repo2    SHA   16 minutes ago   1 minute    Success
