<ul>
<li><b>Namespace</b>: <a href="https://dashboard.is.not.configured">ns</a></li>
<li><b>PipelineRun:</b> <a href="https://dashboard.is.not.configured">pipeline-newest</a></li>
</ul>
<hr>
<h4>Task Statuses:</h4>

<table>
  <tr><th>Status</th><th>Duration</th><th>Name</th></tr>
<tr>
<td>ğŸŸ¢ Succeeded</td>
<td>-25 minutes</td><td>

[task1](https://dashboard.is.not.configured)

</td></tr>
</table>
