expression refs/*/release-* has matched the string refs/heads/release-foo
