ğŸ”‘ Webhook Secret test-repo has been created in the test-ns namespace.
ğŸ”‘ Repository CR test-repo has been updated with webhook secret in the test-ns namespace
ğŸ”‘ Secret test-secret has been updated with webhook secret in the test-ns namespace.
