Name:           test-run
Namespace:      ns
URL:            https://anurl.com
Status:         Running
Log:            https://giphy.com/search/random-dogs
Commit URL:     
PipelineRun:    running2
Event:          
Branch:         vavaroom
Commit Title:   
StartTime:      -35 minutes ago 
Duration:       ---
